// Vitest Snapshot v1, https://vitest.dev/guide/snapshot.html

exports[`FbxImporter > import 後の store 状態をスナップショット化できる 1`] = `
{
  "addObject": [Function],
  "commitTransform": [Function],
  "lastCommitSource": null,
  "objects": {
    "fbx-test-1": {
      "id": "fbx-test-1",
      "name": "Object-1",
      "parentId": null,
      "type": "group",
      "visible": true,
    },
    "fbx-test-1-1": {
      "id": "fbx-test-1-1",
      "name": "Cube",
      "parentId": "fbx-test-1",
      "type": "mesh",
      "visible": true,
    },
  },
  "removeObject": [Function],
  "rootIds": [
    "fbx-test-1",
  ],
  "selectedId": null,
  "selectedTransform": null,
  "setSelected": [Function],
  "setTransformMode": [Function],
  "transformMode": "translate",
}
`;

exports[`FbxImporter > 実 FBX のツリー構造をスナップショット化できる 1`] = `
{
  "children": [
    {
      "children": [],
      "name": "Cube",
      "position": [
        0,
        0,
        0,
      ],
      "rotation": [
        -1.570796,
        0,
        0,
      ],
      "scale": [
        100,
        100,
        100,
      ],
      "type": "Mesh",
    },
  ],
  "name": "",
  "position": [
    0,
    0,
    0,
  ],
  "rotation": [
    0,
    0,
    0,
  ],
  "scale": [
    1,
    1,
    1,
  ],
  "type": "Group",
}
`;

exports[`FbxImporter > 実 FBX のツリー構造をスナップショット化できる 2`] = `
[
  "Material",
]
`;
